// Jest Snapshot v1, https://goo.gl/fbAQLP

exports[`should render AddRecommendation correctly 1`] = `
<div>
  <h1>
    Add Recommendation
  </h1>
  <RecommendationForm
    onSubmit={[Function]}
  />
</div>
`;
