// Jest Snapshot v1, https://goo.gl/fbAQLP

exports[`should render Homepage correctly 1`] = `
<div>
  <h2>
    Movies recommended by friends
  </h2>
  <p>
    Take a look at your friends' recommendations!
  </p>
  <hr />
  <[object Object] />
  <[object Object] />
</div>
`;
